CCS PCM C Compiler, Version 3.127, 16805

               Filename: Y:\マイコン制御\p873_012.LST

               ROM used: 83 (2%)
                         Largest free fragment is 2048
               RAM used: 8 (4%) at main() level
                         9 (5%) worst case
               Stack:    2 locations

*
0000:  MOVLW  00
0001:  MOVWF  0A
0002:  GOTO   032
0003:  NOP
....................  //	<< p873_012.c >>		2012/02 Y.Takada  
.................... //	Port_B 　: LED_bord  
.................... //  
.................... #include <j:\ccs-c\devices\16f873a.h> 
....................  //////// Standard Header file for the PIC16F873A device ////////////////  
.................... #device PIC16F873A  
.................... #list  
....................  
.................... #Fuses HS,NOWDT,NOPROTECT,NOLVP  
.................... #use delay(clock=20000000)  
0004:  MOVLW  29
0005:  MOVWF  04
0006:  MOVF   00,W
0007:  BTFSC  03.2
0008:  GOTO   016
0009:  MOVLW  06
000A:  MOVWF  21
000B:  CLRF   20
000C:  DECFSZ 20,F
000D:  GOTO   00C
000E:  DECFSZ 21,F
000F:  GOTO   00B
0010:  MOVLW  7B
0011:  MOVWF  20
0012:  DECFSZ 20,F
0013:  GOTO   012
0014:  DECFSZ 00,F
0015:  GOTO   009
0016:  RETLW  00
.................... void led_tenmetu(void);  
.................... void main(void)  
.................... {  
.................... 	int a0,i;  
*
0032:  CLRF   04
0033:  MOVLW  1F
0034:  ANDWF  03,F
0035:  MOVLW  07
0036:  BSF    03.5
0037:  MOVWF  1F
0038:  MOVLW  07
0039:  BCF    03.5
003A:  MOVWF  1F
.................... 	set_tris_a(0x1f);  
003B:  MOVLW  1F
003C:  BSF    03.5
003D:  MOVWF  05
.................... 	set_tris_b(0x00);					//	PORT_B		output	LED  
003E:  MOVLW  00
003F:  MOVWF  06
.................... 	output_b(0x00);  
0040:  MOVLW  00
0041:  MOVWF  06
0042:  BCF    03.5
0043:  CLRF   06
.................... 	  
.................... 	a0 = 1;  
0044:  MOVLW  01
0045:  MOVWF  26
.................... 	while( a0 != 0 )	{  
0046:  MOVF   26,F
0047:  BTFSC  03.2
0048:  GOTO   052
.................... 		led_tenmetu();  
0049:  GOTO   017
.................... 		a0 = input_a() & 0x01;  
004A:  MOVLW  FF
004B:  BSF    03.5
004C:  MOVWF  05
004D:  BCF    03.5
004E:  MOVF   05,W
004F:  ANDLW  01
0050:  MOVWF  26
.................... 	}  
0051:  GOTO   046
.................... }  
.................... void led_tenmetu()  
0052:  SLEEP
.................... {  
.................... 	output_b(0xff);  
*
0017:  MOVLW  00
0018:  BSF    03.5
0019:  MOVWF  06
001A:  MOVLW  FF
001B:  BCF    03.5
001C:  MOVWF  06
.................... 	delay_ms(300);  
001D:  MOVLW  02
001E:  MOVWF  28
001F:  MOVLW  96
0020:  MOVWF  29
0021:  CALL   004
0022:  DECFSZ 28,F
0023:  GOTO   01F
.................... 	output_b(0x00);  
0024:  MOVLW  00
0025:  BSF    03.5
0026:  MOVWF  06
0027:  BCF    03.5
0028:  CLRF   06
.................... 	delay_ms(300);  
0029:  MOVLW  02
002A:  MOVWF  28
002B:  MOVLW  96
002C:  MOVWF  29
002D:  CALL   004
002E:  DECFSZ 28,F
002F:  GOTO   02B
0030:  BCF    0A.3
0031:  GOTO   04A (RETURN)
.................... }	 
